DONE LOOCV 0 [('sequence', 0.675, {'kind': 'EN', 'C': 0.1, 'l1_ratio': 0.1}), ('local_CP', 0.7527777777777778, {'kind': 'EN', 'C': 10, 'l1_ratio': 0.9}), ('sequence_plus_CP', 0.6472222222222221, {'kind': 'L2', 'C': 0.01})]
DONE LOOCV 1 [('sequence', 0.7105263157894737, {'kind': 'L2', 'C': 0.01}), ('local_CP', 0.7947368421052632, {'kind': 'EN', 'C': 0.1, 'l1_ratio': 0.1}), ('sequence_plus_CP', 0.6894736842105263, {'kind': 'L2', 'C': 0.01})]
DONE LOOCV 2 [('sequence', 0.6842105263157895, {'kind': 'L2', 'C': 0.01}), ('local_CP', 0.8184210526315789, {'kind': 'EN', 'C': 0.1, 'l1_ratio': 0.1}), ('sequence_plus_CP', 0.7421052631578948, {'kind': 'L2', 'C': 0.01})]
DONE LOOCV 3 [('sequence', 0.7638888888888888, {'kind': 'RF', 'max_depth': 1, 'min_samples_leaf': 3}), ('local_CP', 0.7027777777777777, {'kind': 'EN', 'C': 1, 'l1_ratio': 0.9}), ('sequence_plus_CP', 0.663888888888889, {'kind': 'EN', 'C': 0.1, 'l1_ratio': 0.5})]
DONE LOOCV 4 [('sequence', 0.6894736842105263, {'kind': 'L2', 'C': 0.01}), ('local_CP', 0.8210526315789474, {'kind': 'EN', 'C': 1, 'l1_ratio': 0.9}), ('sequence_plus_CP', 0.763157894736842, {'kind': 'EN', 'C': 0.1, 'l1_ratio': 0.1})]
DONE LOOCV 5 [('sequence', 0.7157894736842105, {'kind': 'L2', 'C': 0.01}), ('local_CP', 0.8473684210526315, {'kind': 'EN', 'C': 1, 'l1_ratio': 0.9}), ('sequence_plus_CP', 0.7657894736842106, {'kind': 'EN', 'C': 0.1, 'l1_ratio': 0.1})]
DONE LOOCV 6 [('sequence', 0.6921052631578948, {'kind': 'L2', 'C': 0.1}), ('local_CP', 0.8736842105263158, {'kind': 'EN', 'C': 1, 'l1_ratio': 0.9}), ('sequence_plus_CP', 0.7157894736842105, {'kind': 'L2', 'C': 0.01})]
DONE LOOCV 7 [('sequence', 0.7333333333333334, {'kind': 'RF', 'max_depth': 1, 'min_samples_leaf': 3}), ('local_CP', 0.6722222222222223, {'kind': 'EN', 'C': 1, 'l1_ratio': 0.9}), ('sequence_plus_CP', 0.625, {'kind': 'EN', 'C': 0.1, 'l1_ratio': 0.1})]
DONE LOOCV 8 [('sequence', 0.7194444444444444, {'kind': 'LDA'}), ('local_CP', 0.6777777777777778, {'kind': 'EN', 'C': 1, 'l1_ratio': 0.9}), ('sequence_plus_CP', 0.6416666666666666, {'kind': 'LDA'})]
DONE LOOCV 9 [('sequence', 0.6868421052631579, {'kind': 'L2', 'C': 0.01}), ('local_CP', 0.8210526315789474, {'kind': 'EN', 'C': 0.1, 'l1_ratio': 0.1}), ('sequence_plus_CP', 0.7921052631578948, {'kind': 'L2', 'C': 0.01})]
DONE LOOCV 10 [('sequence', 0.7027777777777777, {'kind': 'RF', 'max_depth': 2, 'min_samples_leaf': 3}), ('local_CP', 0.85, {'kind': 'EN', 'C': 10, 'l1_ratio': 0.9}), ('sequence_plus_CP', 0.65, {'kind': 'EN', 'C': 1, 'l1_ratio': 0.5})]
DONE LOOCV 11 [('sequence', 0.663888888888889, {'kind': 'L2', 'C': 0.01}), ('local_CP', 0.6472222222222221, {'kind': 'EN', 'C': 10, 'l1_ratio': 0.1}), ('sequence_plus_CP', 0.586111111111111, {'kind': 'EN', 'C': 1, 'l1_ratio': 0.5})]
DONE LOOCV 12 [('sequence', 0.7083333333333333, {'kind': 'L2', 'C': 0.01}), ('local_CP', 0.6333333333333333, {'kind': 'L2', 'C': 1}), ('sequence_plus_CP', 0.5916666666666667, {'kind': 'L2', 'C': 1})]
DONE LOOCV 13 [('sequence', 0.6921052631578948, {'kind': 'LDA'}), ('local_CP', 0.8184210526315789, {'kind': 'EN', 'C': 0.1, 'l1_ratio': 0.1}), ('sequence_plus_CP', 0.7394736842105263, {'kind': 'EN', 'C': 0.1, 'l1_ratio': 0.1})]
DONE LOOCV 14 [('sequence', 0.6657894736842105, {'kind': 'L2', 'C': 0.01}), ('local_CP', 0.7473684210526316, {'kind': 'EN', 'C': 1, 'l1_ratio': 0.1}), ('sequence_plus_CP', 0.7131578947368421, {'kind': 'EN', 'C': 0.1, 'l1_ratio': 0.1})]
DONE LOOCV 15 [('sequence', 0.8194444444444444, {'kind': 'RF', 'max_depth': 1, 'min_samples_leaf': 3}), ('local_CP', 0.625, {'kind': 'EN', 'C': 10, 'l1_ratio': 0.9}), ('sequence_plus_CP', 0.6166666666666667, {'kind': 'L2', 'C': 1})]
DONE LOOCV 16 [('sequence', 0.6894736842105263, {'kind': 'RF', 'max_depth': 1, 'min_samples_leaf': 5}), ('local_CP', 0.8210526315789474, {'kind': 'EN', 'C': 10, 'l1_ratio': 0.9}), ('sequence_plus_CP', 0.7368421052631579, {'kind': 'EN', 'C': 0.1, 'l1_ratio': 0.1})]
DONE LOOCV 17 [('sequence', 0.8444444444444444, {'kind': 'L2', 'C': 0.1}), ('local_CP', 0.6833333333333333, {'kind': 'EN', 'C': 10, 'l1_ratio': 0.9}), ('sequence_plus_CP', 0.7444444444444445, {'kind': 'EN', 'C': 1, 'l1_ratio': 0.9})]
DONE LOOCV 18 [('sequence', 0.7388888888888889, {'kind': 'EN', 'C': 0.1, 'l1_ratio': 0.1}), ('local_CP', 0.6944444444444444, {'kind': 'EN', 'C': 1, 'l1_ratio': 0.9}), ('sequence_plus_CP', 0.7083333333333333, {'kind': 'EN', 'C': 1, 'l1_ratio': 0.9})]
DONE LOOCV 19 [('sequence', 0.6921052631578948, {'kind': 'L2', 'C': 0.01}), ('local_CP', 0.8473684210526315, {'kind': 'L2', 'C': 0.01}), ('sequence_plus_CP', 0.7657894736842106, {'kind': 'L2', 'C': 0.01})]
DONE LOOCV 20 [('sequence', 0.6868421052631579, {'kind': 'L2', 'C': 0.01}), ('local_CP', 0.8447368421052632, {'kind': 'EN', 'C': 10, 'l1_ratio': 0.9}), ('sequence_plus_CP', 0.7394736842105263, {'kind': 'EN', 'C': 0.1, 'l1_ratio': 0.1})]
DONE LOOCV 21 [('sequence', 0.7447368421052631, {'kind': 'L2', 'C': 0.1}), ('local_CP', 0.7947368421052632, {'kind': 'EN', 'C': 10, 'l1_ratio': 0.9}), ('sequence_plus_CP', 0.763157894736842, {'kind': 'EN', 'C': 0.1, 'l1_ratio': 0.1})]
DONE LOOCV 22 [('sequence', 0.6578947368421053, {'kind': 'L2', 'C': 0.01}), ('local_CP', 0.7921052631578948, {'kind': 'EN', 'C': 10, 'l1_ratio': 0.9}), ('sequence_plus_CP', 0.7105263157894737, {'kind': 'EN', 'C': 10, 'l1_ratio': 0.5})]
DONE LOOCV 23 [('sequence', 0.6578947368421053, {'kind': 'L2', 'C': 0.01}), ('local_CP', 0.7421052631578948, {'kind': 'EN', 'C': 1, 'l1_ratio': 0.5}), ('sequence_plus_CP', 0.6605263157894736, {'kind': 'EN', 'C': 1, 'l1_ratio': 0.1})]
DONE LOOCV 24 [('sequence', 0.6578947368421053, {'kind': 'L2', 'C': 0.01}), ('local_CP', 0.8184210526315789, {'kind': 'EN', 'C': 10, 'l1_ratio': 0.9}), ('sequence_plus_CP', 0.7394736842105263, {'kind': 'EN', 'C': 0.1, 'l1_ratio': 0.1})]
DONE LOOCV 25 [('sequence', 0.6578947368421053, {'kind': 'L2', 'C': 0.01}), ('local_CP', 0.7684210526315789, {'kind': 'EN', 'C': 10, 'l1_ratio': 0.9}), ('sequence_plus_CP', 0.7105263157894737, {'kind': 'EN', 'C': 10, 'l1_ratio': 0.5})]
DONE LOOCV 26 [('sequence', 0.6631578947368422, {'kind': 'RF', 'max_depth': 2, 'min_samples_leaf': 3}), ('local_CP', 0.7394736842105263, {'kind': 'EN', 'C': 1, 'l1_ratio': 0.5}), ('sequence_plus_CP', 0.6842105263157895, {'kind': 'EN', 'C': 10, 'l1_ratio': 0.5})]
DONE LOOCV 27 [('sequence', 0.618421052631579, {'kind': 'L2', 'C': 0.01}), ('local_CP', 0.7421052631578948, {'kind': 'EN', 'C': 10, 'l1_ratio': 0.9}), ('sequence_plus_CP', 0.6894736842105263, {'kind': 'EN', 'C': 10, 'l1_ratio': 0.9})]
DONE LOOCV 28 [('sequence', 0.6605263157894736, {'kind': 'L2', 'C': 0.01}), ('local_CP', 0.7921052631578948, {'kind': 'EN', 'C': 1, 'l1_ratio': 0.5}), ('sequence_plus_CP', 0.6684210526315789, {'kind': 'EN', 'C': 1, 'l1_ratio': 0.1})]
DONE LOOCV 29 [('sequence', 0.6894736842105263, {'kind': 'RF', 'max_depth': 3, 'min_samples_leaf': 3}), ('local_CP', 0.7394736842105263, {'kind': 'EN', 'C': 1, 'l1_ratio': 0.5}), ('sequence_plus_CP', 0.6894736842105263, {'kind': 'EN', 'C': 10, 'l1_ratio': 0.9})]
DONE Strict_position_out 4 [('sequence', 0.5, {'kind': 'L2', 'C': 0.01}), ('local_CP', 0.5, {'kind': 'L2', 'C': 0.01}), ('sequence_plus_CP', 0.5, {'kind': 'L2', 'C': 0.01})]
DONE Strict_position_out 5 [('sequence', 0.5673076923076923, {'kind': 'L2', 'C': 0.1}), ('local_CP', 0.5, {'kind': 'L2', 'C': 0.01}), ('sequence_plus_CP', 0.5432692307692308, {'kind': 'EN', 'C': 10, 'l1_ratio': 0.9})]
DONE Strict_position_out 6 [('sequence', 0.6071428571428571, {'kind': 'RF', 'max_depth': 1, 'min_samples_leaf': 3}), ('local_CP', 0.75, {'kind': 'L2', 'C': 0.01}), ('sequence_plus_CP', 0.6464285714285715, {'kind': 'L2', 'C': 0.01})]
DONE Strict_position_out 7 [('sequence', 0.8333333333333333, {'kind': 'L2', 'C': 1}), ('local_CP', 0.6, {'kind': 'L2', 'C': 0.1}), ('sequence_plus_CP', 0.6041666666666666, {'kind': 'L2', 'C': 1})]
DONE Strict_position_out 8 [('sequence', 0.6605263157894736, {'kind': 'L2', 'C': 10}), ('local_CP', 0.6473684210526316, {'kind': 'EN', 'C': 1, 'l1_ratio': 0.1}), ('sequence_plus_CP', 0.6355263157894737, {'kind': 'L2', 'C': 0.1})]
         validation                   family  n_unique  n_predictions     BA  accuracy  precision  recall  specificity   TN   FP   FN   TP     AUC       AP
              LOOCV    always_large_decrease        30             30 0.5000  0.333333   0.333333    1.00        0.000  0.0 20.0  0.0 10.0 0.50000 0.333333
              LOOCV always_no_large_decrease        30             30 0.5000  0.666667   0.000000    0.00        1.000 20.0  0.0 10.0  0.0 0.50000 0.333333
              LOOCV                 local_CP        30             30 0.6750  0.633333   0.470588    0.80        0.550 11.0  9.0  2.0  8.0 0.84500 0.773620
              LOOCV  nested_family_selection        30             30 0.4250  0.466667   0.250000    0.30        0.550 11.0  9.0  7.0  3.0 0.54000 0.364065
              LOOCV                 sequence        30             30 0.3750  0.366667   0.235294    0.40        0.350  7.0 13.0  6.0  4.0 0.38000 0.289423
              LOOCV         sequence_plus_CP        30             30 0.3750  0.366667   0.235294    0.40        0.350  7.0 13.0  6.0  4.0 0.63500 0.600329
Strict_position_out    always_large_decrease        30             36 0.5000  0.333333   0.333333    1.00        0.000  0.0 20.0  0.0 10.0 0.50000 0.333333
Strict_position_out always_no_large_decrease        30             36 0.5000  0.666667   0.000000    0.00        1.000 20.0  0.0 10.0  0.0 0.50000 0.333333
Strict_position_out                 local_CP        30             36 0.6750  0.566667   0.434783    1.00        0.350  7.0 13.0  0.0 10.0 0.50000 0.402908
Strict_position_out  nested_family_selection        30             36 0.5625  0.633333   0.437500    0.35        0.775 15.5  4.5  6.5  3.5 0.46750 0.382552
Strict_position_out                 sequence        30             36 0.4375  0.466667   0.269231    0.35        0.525 10.5  9.5  6.5  3.5 0.43500 0.335210
Strict_position_out         sequence_plus_CP        30             36 0.4750  0.500000   0.307692    0.40        0.550 11.0  9.0  6.0  4.0 0.41125 0.407385
